ASxxxx Linker V03.00 + NoICE + sdld,  page 1.
Hexadecimal  [32-Bits]

Area                                    Addr        Size        Decimal Bytes (Attributes)
--------------------------------        ----        ----        ------- ----- ------------
.  .ABS.                            00000000    00000000 =           0. bytes (ABS,CON)

      Value  Global                              Global Defined In Module
      -----  --------------------------------   ------------------------
     00000000  .__.ABS.                           _strlen
     00000000  l__CABS                         
     00000000  l__DABS                         
     00000000  l__GSFINAL                      
     00000000  l__GSINIT                       
     00000000  l__HEADER                       
     00000000  l__HEAP                         
     00000000  l__LIT                          
     00000000  s__CABS                         
     00000000  s__DABS                         
     00000000  s__HEADER                       
     00000000  s__HEADER0                      
     00000000  s__HEADER1                      
     00000000  s__HEADER10                     
     00000000  s__HEADER11                     
     00000000  s__HEADER12                     
     00000000  s__HEADER2                      
     00000000  s__HEADER3                      
     00000000  s__HEADER4                      
     00000000  s__HEADER5                      
     00000000  s__HEADER6                      
     00000000  s__HEADER7                      
     00000000  s__HEADER8                      
     00000000  s__HEADER9                      
     00000000  s__HEADERa                      
     00000000  s__HEADERb                      
     00000000  s__HEADERc                      
     00000000  s__HEADERd                      
     00000000  s__HEADERe                      
     00000000  s__HEADERf                      
     00000001  l__GSINITTAIL                   
     00000001  l__HEADER12                     
     00000001  l__HEADERa                      
     00000001  l__HEADERb                      
     00000001  l__HEADERc                      
     00000001  l__HEADERe                      
     00000001  l__HEADERf                      
     00000002  l__HEADER10                     
     00000002  l__HEADERd                      
     00000003  l__HEADER9                      
     00000006  l__HEADER8                      
     00000007  l__HEADER0                      
     00000007  l__HEADER2                      
     00000007  l__HEADER3                      
     00000007  l__HEADER4                      
     00000007  l__HEADER5                      
     0000000B  l__DATA                         
     00000010  l__HEADER1                      
     0000001F  l__HEADER6                      
     00000034  l__HEADER7                      
ASxxxx Linker V03.00 + NoICE + sdld,  page 2.
Hexadecimal  [32-Bits]

Area                                    Addr        Size        Decimal Bytes (Attributes)
--------------------------------        ----        ----        ------- ----- ------------
.  .ABS.                            00000000    00000000 =           0. bytes (ABS,CON)

      Value  Global                              Global Defined In Module
      -----  --------------------------------   ------------------------
     00000084  l__BSS                          
     00000085  l__HEADER11                     
     000001AC  l__HOME                         
     00000200  s__CODE                         
     00000E77  l__BASE                         
     00001773  l__CODE                         
     00001973  s__HOME                         
     00001B1F  s__BASE                         
     00002996  s__GSINIT                       
     00002996  s__GSINITTAIL                   
     00002996  s__LIT                          
     00002997  s__GSFINAL                      
     0000C0A0  s__DATA                         
     0000C0AB  s__BSS                          
     0000C12F  s__HEAP                         

ASxxxx Linker V03.00 + NoICE + sdld,  page 3.
Hexadecimal  [32-Bits]

Area                                    Addr        Size        Decimal Bytes (Attributes)
--------------------------------        ----        ----        ------- ----- ------------
_CODE                               00000200    00001773 =        6003. bytes (REL,CON)

      Value  Global                              Global Defined In Module
      -----  --------------------------------   ------------------------
     00000200  _clear_screen                      Title_screen
     00000226  _coord_2d_to_1d                    Title_screen
     00000232  _init                              Title_screen
     00000259  _draw_board                        Title_screen
     0000032E  _update                            Title_screen
     0000038B  _draw_cursor                       Title_screen
     00000450  _player_play                       Title_screen
     000004EC  _player2_play                      Title_screen
     00000588  _game                              Title_screen
     0000059D  _title_screen                      Title_screen
     000005ED  _mode_screen                       Title_screen
     00000659  _select_mode                       Title_screen
     000006E5  _main                              Title_screen
     000006EE  _putchar                           font.ms
     000006F7  _setchar                           font.ms
     00000700  _gotoxy                            font.ms
     0000070B  _posx                              font.ms
     0000071C  _posy                              font.ms
     0000072D  .adv_gcurs                         Drawing1
     0000074A  .circle                            Drawing1
     000007ED  .horlin                            Drawing1
     00000825  .verlin                            Drawing1
     00000881  .circplot                          Drawing1
     000008FF  .box                               Drawing1
     000009D5  .line                              Drawing1
     00000AF6  .xonly                             Drawing1
     00000C45  .yonly                             Drawing1
     00000C66  .plot                              Drawing1
     00000C83  .wrbyte                            Drawing1
     00000D05  .getpix                            Drawing1
     00000D3A  .wrtchr                            Drawing1
     00000D9E  _gotogxy                           Drawing1
     00000DA9  _wrtchr                            Drawing1
     00000DBE  _getpix                            Drawing1
     00000DCA  _color                             Drawing1
     00000DD9  _circle                            Drawing1
     00000DF3  _box                               Drawing1
     00000E17  _line                              Drawing1
     00000E2F  _plot_point                        Drawing1
     00000E43  _plot                              Drawing1
     00000E69  _vprintf                           vprintf
     00000E83  _printf                            vprintf
     00000F86  __print_format                     printf_large
     00001950  ___sdcc_call_hl                    
     00001951  _strlen                            _strlen
ASxxxx Linker V03.00 + NoICE + sdld,  page 4.
Hexadecimal  [32-Bits]

Area                                    Addr        Size        Decimal Bytes (Attributes)
--------------------------------        ----        ----        ------- ----- ------------
_HEADER0                            00000000    00000007 =           7. bytes (ABS,CON)

      Value  Global                              Global Defined In Module
      -----  --------------------------------   ------------------------
ASxxxx Linker V03.00 + NoICE + sdld,  page 5.
Hexadecimal  [32-Bits]

Area                                    Addr        Size        Decimal Bytes (Attributes)
--------------------------------        ----        ----        ------- ----- ------------
_HEADER1                            00000000    00000010 =          16. bytes (ABS,CON)

      Value  Global                              Global Defined In Module
      -----  --------------------------------   ------------------------
ASxxxx Linker V03.00 + NoICE + sdld,  page 6.
Hexadecimal  [32-Bits]

Area                                    Addr        Size        Decimal Bytes (Attributes)
--------------------------------        ----        ----        ------- ----- ------------
_HEADER2                            00000000    00000007 =           7. bytes (ABS,CON)

      Value  Global                              Global Defined In Module
      -----  --------------------------------   ------------------------
ASxxxx Linker V03.00 + NoICE + sdld,  page 7.
Hexadecimal  [32-Bits]

Area                                    Addr        Size        Decimal Bytes (Attributes)
--------------------------------        ----        ----        ------- ----- ------------
_HEADER3                            00000000    00000007 =           7. bytes (ABS,CON)

      Value  Global                              Global Defined In Module
      -----  --------------------------------   ------------------------
ASxxxx Linker V03.00 + NoICE + sdld,  page 8.
Hexadecimal  [32-Bits]

Area                                    Addr        Size        Decimal Bytes (Attributes)
--------------------------------        ----        ----        ------- ----- ------------
_HEADER4                            00000000    00000007 =           7. bytes (ABS,CON)

      Value  Global                              Global Defined In Module
      -----  --------------------------------   ------------------------
ASxxxx Linker V03.00 + NoICE + sdld,  page 9.
Hexadecimal  [32-Bits]

Area                                    Addr        Size        Decimal Bytes (Attributes)
--------------------------------        ----        ----        ------- ----- ------------
_HEADER5                            00000000    00000007 =           7. bytes (ABS,CON)

      Value  Global                              Global Defined In Module
      -----  --------------------------------   ------------------------
ASxxxx Linker V03.00 + NoICE + sdld,  page 10.
Hexadecimal  [32-Bits]

Area                                    Addr        Size        Decimal Bytes (Attributes)
--------------------------------        ----        ----        ------- ----- ------------
_HEADER6                            00000000    0000001F =          31. bytes (ABS,CON)

      Value  Global                              Global Defined In Module
      -----  --------------------------------   ------------------------
ASxxxx Linker V03.00 + NoICE + sdld,  page 11.
Hexadecimal  [32-Bits]

Area                                    Addr        Size        Decimal Bytes (Attributes)
--------------------------------        ----        ----        ------- ----- ------------
_HEADER7                            00000000    00000034 =          52. bytes (ABS,CON)

      Value  Global                              Global Defined In Module
      -----  --------------------------------   ------------------------
ASxxxx Linker V03.00 + NoICE + sdld,  page 12.
Hexadecimal  [32-Bits]

Area                                    Addr        Size        Decimal Bytes (Attributes)
--------------------------------        ----        ----        ------- ----- ------------
_HEADER8                            00000000    00000006 =           6. bytes (ABS,CON)

      Value  Global                              Global Defined In Module
      -----  --------------------------------   ------------------------
ASxxxx Linker V03.00 + NoICE + sdld,  page 13.
Hexadecimal  [32-Bits]

Area                                    Addr        Size        Decimal Bytes (Attributes)
--------------------------------        ----        ----        ------- ----- ------------
_HEADER9                            00000000    00000003 =           3. bytes (ABS,CON)

      Value  Global                              Global Defined In Module
      -----  --------------------------------   ------------------------
ASxxxx Linker V03.00 + NoICE + sdld,  page 14.
Hexadecimal  [32-Bits]

Area                                    Addr        Size        Decimal Bytes (Attributes)
--------------------------------        ----        ----        ------- ----- ------------
_HEADERa                            00000000    00000001 =           1. bytes (ABS,CON)

      Value  Global                              Global Defined In Module
      -----  --------------------------------   ------------------------
ASxxxx Linker V03.00 + NoICE + sdld,  page 15.
Hexadecimal  [32-Bits]

Area                                    Addr        Size        Decimal Bytes (Attributes)
--------------------------------        ----        ----        ------- ----- ------------
_HEADERb                            00000000    00000001 =           1. bytes (ABS,CON)

      Value  Global                              Global Defined In Module
      -----  --------------------------------   ------------------------
ASxxxx Linker V03.00 + NoICE + sdld,  page 16.
Hexadecimal  [32-Bits]

Area                                    Addr        Size        Decimal Bytes (Attributes)
--------------------------------        ----        ----        ------- ----- ------------
_HEADERc                            00000000    00000001 =           1. bytes (ABS,CON)

      Value  Global                              Global Defined In Module
      -----  --------------------------------   ------------------------
ASxxxx Linker V03.00 + NoICE + sdld,  page 17.
Hexadecimal  [32-Bits]

Area                                    Addr        Size        Decimal Bytes (Attributes)
--------------------------------        ----        ----        ------- ----- ------------
_HEADERd                            00000000    00000002 =           2. bytes (ABS,CON)

      Value  Global                              Global Defined In Module
      -----  --------------------------------   ------------------------
ASxxxx Linker V03.00 + NoICE + sdld,  page 18.
Hexadecimal  [32-Bits]

Area                                    Addr        Size        Decimal Bytes (Attributes)
--------------------------------        ----        ----        ------- ----- ------------
_HEADERe                            00000000    00000001 =           1. bytes (ABS,CON)

      Value  Global                              Global Defined In Module
      -----  --------------------------------   ------------------------
ASxxxx Linker V03.00 + NoICE + sdld,  page 19.
Hexadecimal  [32-Bits]

Area                                    Addr        Size        Decimal Bytes (Attributes)
--------------------------------        ----        ----        ------- ----- ------------
_HEADERf                            00000000    00000001 =           1. bytes (ABS,CON)

      Value  Global                              Global Defined In Module
      -----  --------------------------------   ------------------------
ASxxxx Linker V03.00 + NoICE + sdld,  page 20.
Hexadecimal  [32-Bits]

Area                                    Addr        Size        Decimal Bytes (Attributes)
--------------------------------        ----        ----        ------- ----- ------------
_HEADER10                           00000000    00000002 =           2. bytes (ABS,CON)

      Value  Global                              Global Defined In Module
      -----  --------------------------------   ------------------------
ASxxxx Linker V03.00 + NoICE + sdld,  page 21.
Hexadecimal  [32-Bits]

Area                                    Addr        Size        Decimal Bytes (Attributes)
--------------------------------        ----        ----        ------- ----- ------------
_HEADER11                           00000000    00000085 =         133. bytes (ABS,CON)

      Value  Global                              Global Defined In Module
      -----  --------------------------------   ------------------------
     000001D2  _exit                              Runtime

ASxxxx Linker V03.00 + NoICE + sdld,  page 22.
Hexadecimal  [32-Bits]

Area                                    Addr        Size        Decimal Bytes (Attributes)
--------------------------------        ----        ----        ------- ----- ------------
_HEADER12                           00000000    00000001 =           1. bytes (ABS,CON)

      Value  Global                              Global Defined In Module
      -----  --------------------------------   ------------------------
ASxxxx Linker V03.00 + NoICE + sdld,  page 23.
Hexadecimal  [32-Bits]

Area                                    Addr        Size        Decimal Bytes (Attributes)
--------------------------------        ----        ----        ------- ----- ------------
_HOME                               00001973    000001AC =         428. bytes (REL,CON)

      Value  Global                              Global Defined In Module
      -----  --------------------------------   ------------------------
     00001973  .set_mode                          Runtime
     00001983  .remove_VBL                        Runtime
     00001989  .remove_LCD                        Runtime
     0000198F  .remove_TIM                        Runtime
     00001995  .remove_SIO                        Runtime
     0000199B  .remove_JOY                        Runtime
     000019A1  .add_VBL                           Runtime
     000019A7  .add_LCD                           Runtime
     000019AD  .add_TIM                           Runtime
     000019B3  .add_SIO                           Runtime
     000019B9  .add_JOY                           Runtime
     000019BF  .remove_int                        Runtime
     000019DF  .add_int                           Runtime
     000019FB  .wait_vbl_done                     Runtime
     000019FB  _wait_vbl_done                     Runtime
     00001A12  .display_off                       Runtime
     00001A12  _display_off                       Runtime
     00001A33  .serial_IO                         Runtime
     00001A62  _mode                              Runtime
     00001A6B  _get_mode                          Runtime
     00001A70  _enable_interrupts                 Runtime
     00001A72  _disable_interrupts                Runtime
     00001A74  .reset                             Runtime
     00001A74  _reset                             Runtime
     00001A7A  _set_interrupts                    Runtime
     00001A85  _remove_VBL                        Runtime
     00001A90  _remove_LCD                        Runtime
     00001A9B  _remove_TIM                        Runtime
     00001AA6  _remove_SIO                        Runtime
     00001AB1  _remove_JOY                        Runtime
     00001ABC  _add_VBL                           Runtime
     00001AC7  _add_LCD                           Runtime
     00001AD2  _add_TIM                           Runtime
     00001ADD  _add_SIO                           Runtime
     00001AE8  _add_JOY                           Runtime
     00001AF3  _clock                             Runtime
     00001AFC  __printTStates                     Runtime
     00001AFD  banked_call                        Runtime
     00001B16  banked_ret                         Runtime
ASxxxx Linker V03.00 + NoICE + sdld,  page 24.
Hexadecimal  [32-Bits]

Area                                    Addr        Size        Decimal Bytes (Attributes)
--------------------------------        ----        ----        ------- ----- ------------
_BASE                               00001B1F    00000E77 =        3703. bytes (REL,CON)

      Value  Global                              Global Defined In Module
      -----  --------------------------------   ------------------------
     00001B1F  font_copy_uncompressed             font.ms
     00001B55  font_copy_compressed               font.ms
     00001BAA  font_load                          font.ms
     00001BF2  font_copy_current                  font.ms
     00001C3A  font_set                           font.ms
     00001C47  .put_char                          font.ms
     00001C60  .out_char                          font.ms
     00001C67  .del_char                          font.ms
     00001CC2  _font_load                         font.ms
     00001CD0  _font_set                          font.ms
     00001CDF  _font_init                         font.ms
     00001D01  .cls                               font.ms
     00001D01  _cls                               font.ms
     00001D33  .cr_curs                           font.ms
     00001D48  .adv_curs                          font.ms
     00001DA4  .tmode                             font.ms
     00001DCD  .tmode_out                         font.ms
     00001DDD  .padup                             
     00001DDD  _waitpadup                         
     00001DED  .jpad                              
     00001E1A  .wait_pad                          
     00001E21  _joypad                            
     00001E26  _waitpad                           
     00001E30  _font_load_ibm_fixed               
     00001E37  _font_ibm_fixed                    
     00001F39  _font_ibm_fixed_tiles              
     00002739  .gmode                             Drawing1
     0000279B  .vbl                               Drawing1
     000027A6  .lcd                               Drawing1
     000027B3  .draw_image                        Drawing1
     000027BD  .switch_data                       Drawing1
     000027F4  _switch_data                       Drawing1
     0000280F  _draw_image                        Drawing1
     00002822  .y_table                           Drawing1
     00002942  .init_vram                         
     00002950  .init_wtt                          
     00002960  .init_btt                          
     0000296E  .init_tt                           
     00002974  .copy_vram                         
     00002983  _get_data                          
     00002983  _set_data                          

ASxxxx Linker V03.00 + NoICE + sdld,  page 25.
Hexadecimal  [32-Bits]

Area                                    Addr        Size        Decimal Bytes (Attributes)
--------------------------------        ----        ----        ------- ----- ------------
_GSINIT                             00002996    00000000 =           0. bytes (REL,CON)

      Value  Global                              Global Defined In Module
      -----  --------------------------------   ------------------------
     00002996  gsinit                             Runtime

ASxxxx Linker V03.00 + NoICE + sdld,  page 26.
Hexadecimal  [32-Bits]

Area                                    Addr        Size        Decimal Bytes (Attributes)
--------------------------------        ----        ----        ------- ----- ------------
_GSINITTAIL                         00002996    00000001 =           1. bytes (REL,CON)

      Value  Global                              Global Defined In Module
      -----  --------------------------------   ------------------------
ASxxxx Linker V03.00 + NoICE + sdld,  page 27.
Hexadecimal  [32-Bits]

Area                                    Addr        Size        Decimal Bytes (Attributes)
--------------------------------        ----        ----        ------- ----- ------------
_DATA                               0000C0A0    0000000B =          11. bytes (REL,CON)

      Value  Global                              Global Defined In Module
      -----  --------------------------------   ------------------------
     0000C0A0  _GAME_BOARD                        Title_screen
     0000C0A9  _GAME_CURSOR_X                     Title_screen
     0000C0AA  _GAME_CURSOR_Y                     Title_screen
ASxxxx Linker V03.00 + NoICE + sdld,  page 28.
Hexadecimal  [32-Bits]

Area                                    Addr        Size        Decimal Bytes (Attributes)
--------------------------------        ----        ----        ------- ----- ------------
_BSS                                0000C0AB    00000084 =         132. bytes (REL,CON)

      Value  Global                              Global Defined In Module
      -----  --------------------------------   ------------------------
     0000C0AB  __cpu                              Runtime
     0000C0AC  .mode                              Runtime
     0000C0AD  __io_out                           Runtime
     0000C0AE  __io_in                            Runtime
     0000C0AF  __io_status                        Runtime
     0000C0B0  .vbl_done                          Runtime
     0000C0B1  __current_bank                     Runtime
     0000C0B2  .sys_time                          Runtime
     0000C0B2  _sys_time                          Runtime
     0000C0B4  .int_0x40                          Runtime
     0000C0C4  .int_0x48                          Runtime
     0000C0D4  .int_0x50                          Runtime
     0000C0E4  .int_0x58                          Runtime
     0000C0F4  .int_0x60                          Runtime
     0000C104  font_current                       font.ms
     0000C107  font_first_free_tile               font.ms
     0000C108  font_table                         font.ms
     0000C11A  .curx                              font.ms
     0000C11B  .cury                              font.ms
     0000C11C  .fg_colour                         Drawing1
     0000C11D  .bg_colour                         Drawing1
ASxxxx Linker V03.00 + NoICE + sdld,  page 29.
Hexadecimal  [32-Bits]

Area                                    Addr        Size        Decimal Bytes (Attributes)
--------------------------------        ----        ----        ------- ----- ------------
_HEAP                               0000C12F    00000000 =           0. bytes (REL,CON)

      Value  Global                              Global Defined In Module
      -----  --------------------------------   ------------------------
     0000C12F  _malloc_heap_start                 Runtime

ASxxxx Linker V03.00 + NoICE + sdld,  page 30.

Files Linked                              [ module(s) ]

/home/nnevalti/Documents/TicTacToe/gbdk-n/bin/../lib/crt0.rel
                                          [ Runtime ]
Title_screen.rel                          [ Title_screen ]


Libraries Linked                          [ object file ]

/home/nnevalti/Documents/TicTacToe/gbdk-n/bin/../lib/gb.lib
                                          [ font.rel ]
/home/nnevalti/Documents/TicTacToe/gbdk-n/bin/../lib/gb.lib
                                          [ pad.rel ]
/home/nnevalti/Documents/TicTacToe/gbdk-n/bin/../lib/gb.lib
                                          [ ibmfixed.rel ]
/home/nnevalti/Documents/TicTacToe/gbdk-n/bin/../lib/gb.lib
                                          [ drawing.rel ]
/usr/bin/../share/sdcc/lib/gbz80/gbz80.lib
                                          [ vprintf.rel ]
/home/nnevalti/Documents/TicTacToe/gbdk-n/bin/../lib/gb.lib
                                          [ init_tt.rel ]
/home/nnevalti/Documents/TicTacToe/gbdk-n/bin/../lib/gb.lib
                                          [ cpy_data.rel ]
/usr/bin/../share/sdcc/lib/gbz80/gbz80.lib
                                          [ printf_large.rel ]
/usr/bin/../share/sdcc/lib/gbz80/gbz80.lib
                                          [ __sdcc_call_hl.rel ]
/usr/bin/../share/sdcc/lib/gbz80/gbz80.lib
                                          [ _strlen.rel ]

ASxxxx Linker V03.00 + NoICE + sdld,  page 31.

User Base Address Definitions

_CODE = 0x0200
_DATA = 0xc0a0

