ASxxxx Linker V03.00 + NoICE + sdld,  page 1.
Hexadecimal  [32-Bits]

Area                                    Addr        Size        Decimal Bytes (Attributes)
--------------------------------        ----        ----        ------- ----- ------------
.  .ABS.                            00000000    00000000 =           0. bytes (ABS,CON)

      Value  Global                              Global Defined In Module
      -----  --------------------------------   ------------------------
     00000000  .__.ABS.                           _strlen
     00000000  l__CABS                         
     00000000  l__DABS                         
     00000000  l__GSFINAL                      
     00000000  l__GSINIT                       
     00000000  l__HEADER                       
     00000000  l__HEAP                         
     00000000  l__LIT                          
     00000000  s__CABS                         
     00000000  s__DABS                         
     00000000  s__HEADER                       
     00000000  s__HEADER0                      
     00000000  s__HEADER1                      
     00000000  s__HEADER10                     
     00000000  s__HEADER11                     
     00000000  s__HEADER12                     
     00000000  s__HEADER2                      
     00000000  s__HEADER3                      
     00000000  s__HEADER4                      
     00000000  s__HEADER5                      
     00000000  s__HEADER6                      
     00000000  s__HEADER7                      
     00000000  s__HEADER8                      
     00000000  s__HEADER9                      
     00000000  s__HEADERa                      
     00000000  s__HEADERb                      
     00000000  s__HEADERc                      
     00000000  s__HEADERd                      
     00000000  s__HEADERe                      
     00000000  s__HEADERf                      
     00000001  l__GSINITTAIL                   
     00000001  l__HEADER12                     
     00000001  l__HEADERa                      
     00000001  l__HEADERb                      
     00000001  l__HEADERc                      
     00000001  l__HEADERe                      
     00000001  l__HEADERf                      
     00000002  l__HEADER10                     
     00000002  l__HEADERd                      
     00000003  l__HEADER9                      
     00000006  l__HEADER8                      
     00000007  l__HEADER0                      
     00000007  l__HEADER2                      
     00000007  l__HEADER3                      
     00000007  l__HEADER4                      
     00000007  l__HEADER5                      
     0000000B  l__DATA                         
     00000010  l__HEADER1                      
     0000001F  l__HEADER6                      
     00000034  l__HEADER7                      
ASxxxx Linker V03.00 + NoICE + sdld,  page 2.
Hexadecimal  [32-Bits]

Area                                    Addr        Size        Decimal Bytes (Attributes)
--------------------------------        ----        ----        ------- ----- ------------
.  .ABS.                            00000000    00000000 =           0. bytes (ABS,CON)

      Value  Global                              Global Defined In Module
      -----  --------------------------------   ------------------------
     00000084  l__BSS                          
     00000085  l__HEADER11                     
     000001AC  l__HOME                         
     00000200  s__CODE                         
     00000E77  l__BASE                         
     000017CF  l__CODE                         
     000019CF  s__HOME                         
     00001B7B  s__BASE                         
     000029F2  s__GSINIT                       
     000029F2  s__GSINITTAIL                   
     000029F2  s__LIT                          
     000029F3  s__GSFINAL                      
     0000C0A0  s__DATA                         
     0000C0AB  s__BSS                          
     0000C12F  s__HEAP                         

ASxxxx Linker V03.00 + NoICE + sdld,  page 3.
Hexadecimal  [32-Bits]

Area                                    Addr        Size        Decimal Bytes (Attributes)
--------------------------------        ----        ----        ------- ----- ------------
_CODE                               00000200    000017CF =        6095. bytes (REL,CON)

      Value  Global                              Global Defined In Module
      -----  --------------------------------   ------------------------
     00000200  _clear_screen                      Title_screen
     00000226  _coord_2d_to_1d                    Title_screen
     00000232  _init                              Title_screen
     00000259  _draw_board                        Title_screen
     0000032E  _update                            Title_screen
     0000038B  _draw_cursor                       Title_screen
     00000450  _player_play                       Title_screen
     000004EC  _player2_play                      Title_screen
     00000588  _game                              Title_screen
     0000059D  _title_screen                      Title_screen
     000005ED  _mode_screen                       Title_screen
     00000639  _select_mode                       Title_screen
     00000741  _main                              Title_screen
     0000074A  _putchar                           font.ms
     00000753  _setchar                           font.ms
     0000075C  _gotoxy                            font.ms
     00000767  _posx                              font.ms
     00000778  _posy                              font.ms
     00000789  .adv_gcurs                         Drawing1
     000007A6  .circle                            Drawing1
     00000849  .horlin                            Drawing1
     00000881  .verlin                            Drawing1
     000008DD  .circplot                          Drawing1
     0000095B  .box                               Drawing1
     00000A31  .line                              Drawing1
     00000B52  .xonly                             Drawing1
     00000CA1  .yonly                             Drawing1
     00000CC2  .plot                              Drawing1
     00000CDF  .wrbyte                            Drawing1
     00000D61  .getpix                            Drawing1
     00000D96  .wrtchr                            Drawing1
     00000DFA  _gotogxy                           Drawing1
     00000E05  _wrtchr                            Drawing1
     00000E1A  _getpix                            Drawing1
     00000E26  _color                             Drawing1
     00000E35  _circle                            Drawing1
     00000E4F  _box                               Drawing1
     00000E73  _line                              Drawing1
     00000E8B  _plot_point                        Drawing1
     00000E9F  _plot                              Drawing1
     00000EC5  _vprintf                           vprintf
     00000EDF  _printf                            vprintf
     00000FE2  __print_format                     printf_large
     000019AC  ___sdcc_call_hl                    
     000019AD  _strlen                            _strlen
ASxxxx Linker V03.00 + NoICE + sdld,  page 4.
Hexadecimal  [32-Bits]

Area                                    Addr        Size        Decimal Bytes (Attributes)
--------------------------------        ----        ----        ------- ----- ------------
_HEADER0                            00000000    00000007 =           7. bytes (ABS,CON)

      Value  Global                              Global Defined In Module
      -----  --------------------------------   ------------------------
ASxxxx Linker V03.00 + NoICE + sdld,  page 5.
Hexadecimal  [32-Bits]

Area                                    Addr        Size        Decimal Bytes (Attributes)
--------------------------------        ----        ----        ------- ----- ------------
_HEADER1                            00000000    00000010 =          16. bytes (ABS,CON)

      Value  Global                              Global Defined In Module
      -----  --------------------------------   ------------------------
ASxxxx Linker V03.00 + NoICE + sdld,  page 6.
Hexadecimal  [32-Bits]

Area                                    Addr        Size        Decimal Bytes (Attributes)
--------------------------------        ----        ----        ------- ----- ------------
_HEADER2                            00000000    00000007 =           7. bytes (ABS,CON)

      Value  Global                              Global Defined In Module
      -----  --------------------------------   ------------------------
ASxxxx Linker V03.00 + NoICE + sdld,  page 7.
Hexadecimal  [32-Bits]

Area                                    Addr        Size        Decimal Bytes (Attributes)
--------------------------------        ----        ----        ------- ----- ------------
_HEADER3                            00000000    00000007 =           7. bytes (ABS,CON)

      Value  Global                              Global Defined In Module
      -----  --------------------------------   ------------------------
ASxxxx Linker V03.00 + NoICE + sdld,  page 8.
Hexadecimal  [32-Bits]

Area                                    Addr        Size        Decimal Bytes (Attributes)
--------------------------------        ----        ----        ------- ----- ------------
_HEADER4                            00000000    00000007 =           7. bytes (ABS,CON)

      Value  Global                              Global Defined In Module
      -----  --------------------------------   ------------------------
ASxxxx Linker V03.00 + NoICE + sdld,  page 9.
Hexadecimal  [32-Bits]

Area                                    Addr        Size        Decimal Bytes (Attributes)
--------------------------------        ----        ----        ------- ----- ------------
_HEADER5                            00000000    00000007 =           7. bytes (ABS,CON)

      Value  Global                              Global Defined In Module
      -----  --------------------------------   ------------------------
ASxxxx Linker V03.00 + NoICE + sdld,  page 10.
Hexadecimal  [32-Bits]

Area                                    Addr        Size        Decimal Bytes (Attributes)
--------------------------------        ----        ----        ------- ----- ------------
_HEADER6                            00000000    0000001F =          31. bytes (ABS,CON)

      Value  Global                              Global Defined In Module
      -----  --------------------------------   ------------------------
ASxxxx Linker V03.00 + NoICE + sdld,  page 11.
Hexadecimal  [32-Bits]

Area                                    Addr        Size        Decimal Bytes (Attributes)
--------------------------------        ----        ----        ------- ----- ------------
_HEADER7                            00000000    00000034 =          52. bytes (ABS,CON)

      Value  Global                              Global Defined In Module
      -----  --------------------------------   ------------------------
ASxxxx Linker V03.00 + NoICE + sdld,  page 12.
Hexadecimal  [32-Bits]

Area                                    Addr        Size        Decimal Bytes (Attributes)
--------------------------------        ----        ----        ------- ----- ------------
_HEADER8                            00000000    00000006 =           6. bytes (ABS,CON)

      Value  Global                              Global Defined In Module
      -----  --------------------------------   ------------------------
ASxxxx Linker V03.00 + NoICE + sdld,  page 13.
Hexadecimal  [32-Bits]

Area                                    Addr        Size        Decimal Bytes (Attributes)
--------------------------------        ----        ----        ------- ----- ------------
_HEADER9                            00000000    00000003 =           3. bytes (ABS,CON)

      Value  Global                              Global Defined In Module
      -----  --------------------------------   ------------------------
ASxxxx Linker V03.00 + NoICE + sdld,  page 14.
Hexadecimal  [32-Bits]

Area                                    Addr        Size        Decimal Bytes (Attributes)
--------------------------------        ----        ----        ------- ----- ------------
_HEADERa                            00000000    00000001 =           1. bytes (ABS,CON)

      Value  Global                              Global Defined In Module
      -----  --------------------------------   ------------------------
ASxxxx Linker V03.00 + NoICE + sdld,  page 15.
Hexadecimal  [32-Bits]

Area                                    Addr        Size        Decimal Bytes (Attributes)
--------------------------------        ----        ----        ------- ----- ------------
_HEADERb                            00000000    00000001 =           1. bytes (ABS,CON)

      Value  Global                              Global Defined In Module
      -----  --------------------------------   ------------------------
ASxxxx Linker V03.00 + NoICE + sdld,  page 16.
Hexadecimal  [32-Bits]

Area                                    Addr        Size        Decimal Bytes (Attributes)
--------------------------------        ----        ----        ------- ----- ------------
_HEADERc                            00000000    00000001 =           1. bytes (ABS,CON)

      Value  Global                              Global Defined In Module
      -----  --------------------------------   ------------------------
ASxxxx Linker V03.00 + NoICE + sdld,  page 17.
Hexadecimal  [32-Bits]

Area                                    Addr        Size        Decimal Bytes (Attributes)
--------------------------------        ----        ----        ------- ----- ------------
_HEADERd                            00000000    00000002 =           2. bytes (ABS,CON)

      Value  Global                              Global Defined In Module
      -----  --------------------------------   ------------------------
ASxxxx Linker V03.00 + NoICE + sdld,  page 18.
Hexadecimal  [32-Bits]

Area                                    Addr        Size        Decimal Bytes (Attributes)
--------------------------------        ----        ----        ------- ----- ------------
_HEADERe                            00000000    00000001 =           1. bytes (ABS,CON)

      Value  Global                              Global Defined In Module
      -----  --------------------------------   ------------------------
ASxxxx Linker V03.00 + NoICE + sdld,  page 19.
Hexadecimal  [32-Bits]

Area                                    Addr        Size        Decimal Bytes (Attributes)
--------------------------------        ----        ----        ------- ----- ------------
_HEADERf                            00000000    00000001 =           1. bytes (ABS,CON)

      Value  Global                              Global Defined In Module
      -----  --------------------------------   ------------------------
ASxxxx Linker V03.00 + NoICE + sdld,  page 20.
Hexadecimal  [32-Bits]

Area                                    Addr        Size        Decimal Bytes (Attributes)
--------------------------------        ----        ----        ------- ----- ------------
_HEADER10                           00000000    00000002 =           2. bytes (ABS,CON)

      Value  Global                              Global Defined In Module
      -----  --------------------------------   ------------------------
ASxxxx Linker V03.00 + NoICE + sdld,  page 21.
Hexadecimal  [32-Bits]

Area                                    Addr        Size        Decimal Bytes (Attributes)
--------------------------------        ----        ----        ------- ----- ------------
_HEADER11                           00000000    00000085 =         133. bytes (ABS,CON)

      Value  Global                              Global Defined In Module
      -----  --------------------------------   ------------------------
     000001D2  _exit                              Runtime

ASxxxx Linker V03.00 + NoICE + sdld,  page 22.
Hexadecimal  [32-Bits]

Area                                    Addr        Size        Decimal Bytes (Attributes)
--------------------------------        ----        ----        ------- ----- ------------
_HEADER12                           00000000    00000001 =           1. bytes (ABS,CON)

      Value  Global                              Global Defined In Module
      -----  --------------------------------   ------------------------
ASxxxx Linker V03.00 + NoICE + sdld,  page 23.
Hexadecimal  [32-Bits]

Area                                    Addr        Size        Decimal Bytes (Attributes)
--------------------------------        ----        ----        ------- ----- ------------
_HOME                               000019CF    000001AC =         428. bytes (REL,CON)

      Value  Global                              Global Defined In Module
      -----  --------------------------------   ------------------------
     000019CF  .set_mode                          Runtime
     000019DF  .remove_VBL                        Runtime
     000019E5  .remove_LCD                        Runtime
     000019EB  .remove_TIM                        Runtime
     000019F1  .remove_SIO                        Runtime
     000019F7  .remove_JOY                        Runtime
     000019FD  .add_VBL                           Runtime
     00001A03  .add_LCD                           Runtime
     00001A09  .add_TIM                           Runtime
     00001A0F  .add_SIO                           Runtime
     00001A15  .add_JOY                           Runtime
     00001A1B  .remove_int                        Runtime
     00001A3B  .add_int                           Runtime
     00001A57  .wait_vbl_done                     Runtime
     00001A57  _wait_vbl_done                     Runtime
     00001A6E  .display_off                       Runtime
     00001A6E  _display_off                       Runtime
     00001A8F  .serial_IO                         Runtime
     00001ABE  _mode                              Runtime
     00001AC7  _get_mode                          Runtime
     00001ACC  _enable_interrupts                 Runtime
     00001ACE  _disable_interrupts                Runtime
     00001AD0  .reset                             Runtime
     00001AD0  _reset                             Runtime
     00001AD6  _set_interrupts                    Runtime
     00001AE1  _remove_VBL                        Runtime
     00001AEC  _remove_LCD                        Runtime
     00001AF7  _remove_TIM                        Runtime
     00001B02  _remove_SIO                        Runtime
     00001B0D  _remove_JOY                        Runtime
     00001B18  _add_VBL                           Runtime
     00001B23  _add_LCD                           Runtime
     00001B2E  _add_TIM                           Runtime
     00001B39  _add_SIO                           Runtime
     00001B44  _add_JOY                           Runtime
     00001B4F  _clock                             Runtime
     00001B58  __printTStates                     Runtime
     00001B59  banked_call                        Runtime
     00001B72  banked_ret                         Runtime
ASxxxx Linker V03.00 + NoICE + sdld,  page 24.
Hexadecimal  [32-Bits]

Area                                    Addr        Size        Decimal Bytes (Attributes)
--------------------------------        ----        ----        ------- ----- ------------
_BASE                               00001B7B    00000E77 =        3703. bytes (REL,CON)

      Value  Global                              Global Defined In Module
      -----  --------------------------------   ------------------------
     00001B7B  font_copy_uncompressed             font.ms
     00001BB1  font_copy_compressed               font.ms
     00001C06  font_load                          font.ms
     00001C4E  font_copy_current                  font.ms
     00001C96  font_set                           font.ms
     00001CA3  .put_char                          font.ms
     00001CBC  .out_char                          font.ms
     00001CC3  .del_char                          font.ms
     00001D1E  _font_load                         font.ms
     00001D2C  _font_set                          font.ms
     00001D3B  _font_init                         font.ms
     00001D5D  .cls                               font.ms
     00001D5D  _cls                               font.ms
     00001D8F  .cr_curs                           font.ms
     00001DA4  .adv_curs                          font.ms
     00001E00  .tmode                             font.ms
     00001E29  .tmode_out                         font.ms
     00001E39  .padup                             
     00001E39  _waitpadup                         
     00001E49  .jpad                              
     00001E76  .wait_pad                          
     00001E7D  _joypad                            
     00001E82  _waitpad                           
     00001E8C  _font_load_ibm_fixed               
     00001E93  _font_ibm_fixed                    
     00001F95  _font_ibm_fixed_tiles              
     00002795  .gmode                             Drawing1
     000027F7  .vbl                               Drawing1
     00002802  .lcd                               Drawing1
     0000280F  .draw_image                        Drawing1
     00002819  .switch_data                       Drawing1
     00002850  _switch_data                       Drawing1
     0000286B  _draw_image                        Drawing1
     0000287E  .y_table                           Drawing1
     0000299E  .init_vram                         
     000029AC  .init_wtt                          
     000029BC  .init_btt                          
     000029CA  .init_tt                           
     000029D0  .copy_vram                         
     000029DF  _get_data                          
     000029DF  _set_data                          

ASxxxx Linker V03.00 + NoICE + sdld,  page 25.
Hexadecimal  [32-Bits]

Area                                    Addr        Size        Decimal Bytes (Attributes)
--------------------------------        ----        ----        ------- ----- ------------
_GSINIT                             000029F2    00000000 =           0. bytes (REL,CON)

      Value  Global                              Global Defined In Module
      -----  --------------------------------   ------------------------
     000029F2  gsinit                             Runtime

ASxxxx Linker V03.00 + NoICE + sdld,  page 26.
Hexadecimal  [32-Bits]

Area                                    Addr        Size        Decimal Bytes (Attributes)
--------------------------------        ----        ----        ------- ----- ------------
_GSINITTAIL                         000029F2    00000001 =           1. bytes (REL,CON)

      Value  Global                              Global Defined In Module
      -----  --------------------------------   ------------------------
ASxxxx Linker V03.00 + NoICE + sdld,  page 27.
Hexadecimal  [32-Bits]

Area                                    Addr        Size        Decimal Bytes (Attributes)
--------------------------------        ----        ----        ------- ----- ------------
_DATA                               0000C0A0    0000000B =          11. bytes (REL,CON)

      Value  Global                              Global Defined In Module
      -----  --------------------------------   ------------------------
     0000C0A0  _GAME_BOARD                        Title_screen
     0000C0A9  _GAME_CURSOR_X                     Title_screen
     0000C0AA  _GAME_CURSOR_Y                     Title_screen
ASxxxx Linker V03.00 + NoICE + sdld,  page 28.
Hexadecimal  [32-Bits]

Area                                    Addr        Size        Decimal Bytes (Attributes)
--------------------------------        ----        ----        ------- ----- ------------
_BSS                                0000C0AB    00000084 =         132. bytes (REL,CON)

      Value  Global                              Global Defined In Module
      -----  --------------------------------   ------------------------
     0000C0AB  __cpu                              Runtime
     0000C0AC  .mode                              Runtime
     0000C0AD  __io_out                           Runtime
     0000C0AE  __io_in                            Runtime
     0000C0AF  __io_status                        Runtime
     0000C0B0  .vbl_done                          Runtime
     0000C0B1  __current_bank                     Runtime
     0000C0B2  .sys_time                          Runtime
     0000C0B2  _sys_time                          Runtime
     0000C0B4  .int_0x40                          Runtime
     0000C0C4  .int_0x48                          Runtime
     0000C0D4  .int_0x50                          Runtime
     0000C0E4  .int_0x58                          Runtime
     0000C0F4  .int_0x60                          Runtime
     0000C104  font_current                       font.ms
     0000C107  font_first_free_tile               font.ms
     0000C108  font_table                         font.ms
     0000C11A  .curx                              font.ms
     0000C11B  .cury                              font.ms
     0000C11C  .fg_colour                         Drawing1
     0000C11D  .bg_colour                         Drawing1
ASxxxx Linker V03.00 + NoICE + sdld,  page 29.
Hexadecimal  [32-Bits]

Area                                    Addr        Size        Decimal Bytes (Attributes)
--------------------------------        ----        ----        ------- ----- ------------
_HEAP                               0000C12F    00000000 =           0. bytes (REL,CON)

      Value  Global                              Global Defined In Module
      -----  --------------------------------   ------------------------
     0000C12F  _malloc_heap_start                 Runtime

ASxxxx Linker V03.00 + NoICE + sdld,  page 30.

Files Linked                              [ module(s) ]

/home/nnevalti/Documents/TicTacToe/gbdk-n/bin/../lib/crt0.rel
                                          [ Runtime ]
Title_screen.rel                          [ Title_screen ]


Libraries Linked                          [ object file ]

/home/nnevalti/Documents/TicTacToe/gbdk-n/bin/../lib/gb.lib
                                          [ font.rel ]
/home/nnevalti/Documents/TicTacToe/gbdk-n/bin/../lib/gb.lib
                                          [ pad.rel ]
/home/nnevalti/Documents/TicTacToe/gbdk-n/bin/../lib/gb.lib
                                          [ ibmfixed.rel ]
/home/nnevalti/Documents/TicTacToe/gbdk-n/bin/../lib/gb.lib
                                          [ drawing.rel ]
/usr/bin/../share/sdcc/lib/gbz80/gbz80.lib
                                          [ vprintf.rel ]
/home/nnevalti/Documents/TicTacToe/gbdk-n/bin/../lib/gb.lib
                                          [ init_tt.rel ]
/home/nnevalti/Documents/TicTacToe/gbdk-n/bin/../lib/gb.lib
                                          [ cpy_data.rel ]
/usr/bin/../share/sdcc/lib/gbz80/gbz80.lib
                                          [ printf_large.rel ]
/usr/bin/../share/sdcc/lib/gbz80/gbz80.lib
                                          [ __sdcc_call_hl.rel ]
/usr/bin/../share/sdcc/lib/gbz80/gbz80.lib
                                          [ _strlen.rel ]

ASxxxx Linker V03.00 + NoICE + sdld,  page 31.

User Base Address Definitions

_CODE = 0x0200
_DATA = 0xc0a0

