ASxxxx Linker V03.00 + NoICE + sdld,  page 1.
Hexadecimal  [32-Bits]

Area                                    Addr        Size        Decimal Bytes (Attributes)
--------------------------------        ----        ----        ------- ----- ------------
.  .ABS.                            00000000    00000000 =           0. bytes (ABS,CON)

      Value  Global                              Global Defined In Module
      -----  --------------------------------   ------------------------
     00000000  .__.ABS.                           _strlen
     00000000  l__CABS                         
     00000000  l__DABS                         
     00000000  l__GSFINAL                      
     00000000  l__GSINIT                       
     00000000  l__HEADER                       
     00000000  l__HEAP                         
     00000000  l__LIT                          
     00000000  s__CABS                         
     00000000  s__DABS                         
     00000000  s__HEADER                       
     00000000  s__HEADER0                      
     00000000  s__HEADER1                      
     00000000  s__HEADER10                     
     00000000  s__HEADER11                     
     00000000  s__HEADER12                     
     00000000  s__HEADER2                      
     00000000  s__HEADER3                      
     00000000  s__HEADER4                      
     00000000  s__HEADER5                      
     00000000  s__HEADER6                      
     00000000  s__HEADER7                      
     00000000  s__HEADER8                      
     00000000  s__HEADER9                      
     00000000  s__HEADERa                      
     00000000  s__HEADERb                      
     00000000  s__HEADERc                      
     00000000  s__HEADERd                      
     00000000  s__HEADERe                      
     00000000  s__HEADERf                      
     00000001  l__GSINITTAIL                   
     00000001  l__HEADER12                     
     00000001  l__HEADERa                      
     00000001  l__HEADERb                      
     00000001  l__HEADERc                      
     00000001  l__HEADERe                      
     00000001  l__HEADERf                      
     00000002  l__HEADER10                     
     00000002  l__HEADERd                      
     00000003  l__HEADER9                      
     00000006  l__HEADER8                      
     00000007  l__HEADER0                      
     00000007  l__HEADER2                      
     00000007  l__HEADER3                      
     00000007  l__HEADER4                      
     00000007  l__HEADER5                      
     0000000B  l__DATA                         
     00000010  l__HEADER1                      
     0000001F  l__HEADER6                      
     00000034  l__HEADER7                      
ASxxxx Linker V03.00 + NoICE + sdld,  page 2.
Hexadecimal  [32-Bits]

Area                                    Addr        Size        Decimal Bytes (Attributes)
--------------------------------        ----        ----        ------- ----- ------------
.  .ABS.                            00000000    00000000 =           0. bytes (ABS,CON)

      Value  Global                              Global Defined In Module
      -----  --------------------------------   ------------------------
     00000084  l__BSS                          
     00000085  l__HEADER11                     
     000001AC  l__HOME                         
     00000200  s__CODE                         
     00000E77  l__BASE                         
     000015D9  l__CODE                         
     000017D9  s__HOME                         
     00001985  s__BASE                         
     000027FC  s__GSINIT                       
     000027FC  s__GSINITTAIL                   
     000027FC  s__LIT                          
     000027FD  s__GSFINAL                      
     0000C0A0  s__DATA                         
     0000C0AB  s__BSS                          
     0000C12F  s__HEAP                         

ASxxxx Linker V03.00 + NoICE + sdld,  page 3.
Hexadecimal  [32-Bits]

Area                                    Addr        Size        Decimal Bytes (Attributes)
--------------------------------        ----        ----        ------- ----- ------------
_CODE                               00000200    000015D9 =        5593. bytes (REL,CON)

      Value  Global                              Global Defined In Module
      -----  --------------------------------   ------------------------
     00000200  _clear_screen                      Title_screen
     00000226  _coord_2d_to_1d                    Title_screen
     00000232  _title_screen                      Title_screen
     00000282  _init                              Title_screen
     000002A9  _draw_board                        Title_screen
     0000037E  _update                            Title_screen
     000003DC  _draw_cursor                       Title_screen
     000004A3  _player_play                       Title_screen
     0000053F  _game                              Title_screen
     0000054E  _main                              Title_screen
     00000554  _putchar                           font.ms
     0000055D  _setchar                           font.ms
     00000566  _gotoxy                            font.ms
     00000571  _posx                              font.ms
     00000582  _posy                              font.ms
     00000593  .adv_gcurs                         Drawing1
     000005B0  .circle                            Drawing1
     00000653  .horlin                            Drawing1
     0000068B  .verlin                            Drawing1
     000006E7  .circplot                          Drawing1
     00000765  .box                               Drawing1
     0000083B  .line                              Drawing1
     0000095C  .xonly                             Drawing1
     00000AAB  .yonly                             Drawing1
     00000ACC  .plot                              Drawing1
     00000AE9  .wrbyte                            Drawing1
     00000B6B  .getpix                            Drawing1
     00000BA0  .wrtchr                            Drawing1
     00000C04  _gotogxy                           Drawing1
     00000C0F  _wrtchr                            Drawing1
     00000C24  _getpix                            Drawing1
     00000C30  _color                             Drawing1
     00000C3F  _circle                            Drawing1
     00000C59  _box                               Drawing1
     00000C7D  _line                              Drawing1
     00000C95  _plot_point                        Drawing1
     00000CA9  _plot                              Drawing1
     00000CCF  _vprintf                           vprintf
     00000CE9  _printf                            vprintf
     00000DEC  __print_format                     printf_large
     000017B6  ___sdcc_call_hl                    
     000017B7  _strlen                            _strlen
ASxxxx Linker V03.00 + NoICE + sdld,  page 4.
Hexadecimal  [32-Bits]

Area                                    Addr        Size        Decimal Bytes (Attributes)
--------------------------------        ----        ----        ------- ----- ------------
_HEADER0                            00000000    00000007 =           7. bytes (ABS,CON)

      Value  Global                              Global Defined In Module
      -----  --------------------------------   ------------------------
ASxxxx Linker V03.00 + NoICE + sdld,  page 5.
Hexadecimal  [32-Bits]

Area                                    Addr        Size        Decimal Bytes (Attributes)
--------------------------------        ----        ----        ------- ----- ------------
_HEADER1                            00000000    00000010 =          16. bytes (ABS,CON)

      Value  Global                              Global Defined In Module
      -----  --------------------------------   ------------------------
ASxxxx Linker V03.00 + NoICE + sdld,  page 6.
Hexadecimal  [32-Bits]

Area                                    Addr        Size        Decimal Bytes (Attributes)
--------------------------------        ----        ----        ------- ----- ------------
_HEADER2                            00000000    00000007 =           7. bytes (ABS,CON)

      Value  Global                              Global Defined In Module
      -----  --------------------------------   ------------------------
ASxxxx Linker V03.00 + NoICE + sdld,  page 7.
Hexadecimal  [32-Bits]

Area                                    Addr        Size        Decimal Bytes (Attributes)
--------------------------------        ----        ----        ------- ----- ------------
_HEADER3                            00000000    00000007 =           7. bytes (ABS,CON)

      Value  Global                              Global Defined In Module
      -----  --------------------------------   ------------------------
ASxxxx Linker V03.00 + NoICE + sdld,  page 8.
Hexadecimal  [32-Bits]

Area                                    Addr        Size        Decimal Bytes (Attributes)
--------------------------------        ----        ----        ------- ----- ------------
_HEADER4                            00000000    00000007 =           7. bytes (ABS,CON)

      Value  Global                              Global Defined In Module
      -----  --------------------------------   ------------------------
ASxxxx Linker V03.00 + NoICE + sdld,  page 9.
Hexadecimal  [32-Bits]

Area                                    Addr        Size        Decimal Bytes (Attributes)
--------------------------------        ----        ----        ------- ----- ------------
_HEADER5                            00000000    00000007 =           7. bytes (ABS,CON)

      Value  Global                              Global Defined In Module
      -----  --------------------------------   ------------------------
ASxxxx Linker V03.00 + NoICE + sdld,  page 10.
Hexadecimal  [32-Bits]

Area                                    Addr        Size        Decimal Bytes (Attributes)
--------------------------------        ----        ----        ------- ----- ------------
_HEADER6                            00000000    0000001F =          31. bytes (ABS,CON)

      Value  Global                              Global Defined In Module
      -----  --------------------------------   ------------------------
ASxxxx Linker V03.00 + NoICE + sdld,  page 11.
Hexadecimal  [32-Bits]

Area                                    Addr        Size        Decimal Bytes (Attributes)
--------------------------------        ----        ----        ------- ----- ------------
_HEADER7                            00000000    00000034 =          52. bytes (ABS,CON)

      Value  Global                              Global Defined In Module
      -----  --------------------------------   ------------------------
ASxxxx Linker V03.00 + NoICE + sdld,  page 12.
Hexadecimal  [32-Bits]

Area                                    Addr        Size        Decimal Bytes (Attributes)
--------------------------------        ----        ----        ------- ----- ------------
_HEADER8                            00000000    00000006 =           6. bytes (ABS,CON)

      Value  Global                              Global Defined In Module
      -----  --------------------------------   ------------------------
ASxxxx Linker V03.00 + NoICE + sdld,  page 13.
Hexadecimal  [32-Bits]

Area                                    Addr        Size        Decimal Bytes (Attributes)
--------------------------------        ----        ----        ------- ----- ------------
_HEADER9                            00000000    00000003 =           3. bytes (ABS,CON)

      Value  Global                              Global Defined In Module
      -----  --------------------------------   ------------------------
ASxxxx Linker V03.00 + NoICE + sdld,  page 14.
Hexadecimal  [32-Bits]

Area                                    Addr        Size        Decimal Bytes (Attributes)
--------------------------------        ----        ----        ------- ----- ------------
_HEADERa                            00000000    00000001 =           1. bytes (ABS,CON)

      Value  Global                              Global Defined In Module
      -----  --------------------------------   ------------------------
ASxxxx Linker V03.00 + NoICE + sdld,  page 15.
Hexadecimal  [32-Bits]

Area                                    Addr        Size        Decimal Bytes (Attributes)
--------------------------------        ----        ----        ------- ----- ------------
_HEADERb                            00000000    00000001 =           1. bytes (ABS,CON)

      Value  Global                              Global Defined In Module
      -----  --------------------------------   ------------------------
ASxxxx Linker V03.00 + NoICE + sdld,  page 16.
Hexadecimal  [32-Bits]

Area                                    Addr        Size        Decimal Bytes (Attributes)
--------------------------------        ----        ----        ------- ----- ------------
_HEADERc                            00000000    00000001 =           1. bytes (ABS,CON)

      Value  Global                              Global Defined In Module
      -----  --------------------------------   ------------------------
ASxxxx Linker V03.00 + NoICE + sdld,  page 17.
Hexadecimal  [32-Bits]

Area                                    Addr        Size        Decimal Bytes (Attributes)
--------------------------------        ----        ----        ------- ----- ------------
_HEADERd                            00000000    00000002 =           2. bytes (ABS,CON)

      Value  Global                              Global Defined In Module
      -----  --------------------------------   ------------------------
ASxxxx Linker V03.00 + NoICE + sdld,  page 18.
Hexadecimal  [32-Bits]

Area                                    Addr        Size        Decimal Bytes (Attributes)
--------------------------------        ----        ----        ------- ----- ------------
_HEADERe                            00000000    00000001 =           1. bytes (ABS,CON)

      Value  Global                              Global Defined In Module
      -----  --------------------------------   ------------------------
ASxxxx Linker V03.00 + NoICE + sdld,  page 19.
Hexadecimal  [32-Bits]

Area                                    Addr        Size        Decimal Bytes (Attributes)
--------------------------------        ----        ----        ------- ----- ------------
_HEADERf                            00000000    00000001 =           1. bytes (ABS,CON)

      Value  Global                              Global Defined In Module
      -----  --------------------------------   ------------------------
ASxxxx Linker V03.00 + NoICE + sdld,  page 20.
Hexadecimal  [32-Bits]

Area                                    Addr        Size        Decimal Bytes (Attributes)
--------------------------------        ----        ----        ------- ----- ------------
_HEADER10                           00000000    00000002 =           2. bytes (ABS,CON)

      Value  Global                              Global Defined In Module
      -----  --------------------------------   ------------------------
ASxxxx Linker V03.00 + NoICE + sdld,  page 21.
Hexadecimal  [32-Bits]

Area                                    Addr        Size        Decimal Bytes (Attributes)
--------------------------------        ----        ----        ------- ----- ------------
_HEADER11                           00000000    00000085 =         133. bytes (ABS,CON)

      Value  Global                              Global Defined In Module
      -----  --------------------------------   ------------------------
     000001D2  _exit                              Runtime

ASxxxx Linker V03.00 + NoICE + sdld,  page 22.
Hexadecimal  [32-Bits]

Area                                    Addr        Size        Decimal Bytes (Attributes)
--------------------------------        ----        ----        ------- ----- ------------
_HEADER12                           00000000    00000001 =           1. bytes (ABS,CON)

      Value  Global                              Global Defined In Module
      -----  --------------------------------   ------------------------
ASxxxx Linker V03.00 + NoICE + sdld,  page 23.
Hexadecimal  [32-Bits]

Area                                    Addr        Size        Decimal Bytes (Attributes)
--------------------------------        ----        ----        ------- ----- ------------
_HOME                               000017D9    000001AC =         428. bytes (REL,CON)

      Value  Global                              Global Defined In Module
      -----  --------------------------------   ------------------------
     000017D9  .set_mode                          Runtime
     000017E9  .remove_VBL                        Runtime
     000017EF  .remove_LCD                        Runtime
     000017F5  .remove_TIM                        Runtime
     000017FB  .remove_SIO                        Runtime
     00001801  .remove_JOY                        Runtime
     00001807  .add_VBL                           Runtime
     0000180D  .add_LCD                           Runtime
     00001813  .add_TIM                           Runtime
     00001819  .add_SIO                           Runtime
     0000181F  .add_JOY                           Runtime
     00001825  .remove_int                        Runtime
     00001845  .add_int                           Runtime
     00001861  .wait_vbl_done                     Runtime
     00001861  _wait_vbl_done                     Runtime
     00001878  .display_off                       Runtime
     00001878  _display_off                       Runtime
     00001899  .serial_IO                         Runtime
     000018C8  _mode                              Runtime
     000018D1  _get_mode                          Runtime
     000018D6  _enable_interrupts                 Runtime
     000018D8  _disable_interrupts                Runtime
     000018DA  .reset                             Runtime
     000018DA  _reset                             Runtime
     000018E0  _set_interrupts                    Runtime
     000018EB  _remove_VBL                        Runtime
     000018F6  _remove_LCD                        Runtime
     00001901  _remove_TIM                        Runtime
     0000190C  _remove_SIO                        Runtime
     00001917  _remove_JOY                        Runtime
     00001922  _add_VBL                           Runtime
     0000192D  _add_LCD                           Runtime
     00001938  _add_TIM                           Runtime
     00001943  _add_SIO                           Runtime
     0000194E  _add_JOY                           Runtime
     00001959  _clock                             Runtime
     00001962  __printTStates                     Runtime
     00001963  banked_call                        Runtime
     0000197C  banked_ret                         Runtime
ASxxxx Linker V03.00 + NoICE + sdld,  page 24.
Hexadecimal  [32-Bits]

Area                                    Addr        Size        Decimal Bytes (Attributes)
--------------------------------        ----        ----        ------- ----- ------------
_BASE                               00001985    00000E77 =        3703. bytes (REL,CON)

      Value  Global                              Global Defined In Module
      -----  --------------------------------   ------------------------
     00001985  font_copy_uncompressed             font.ms
     000019BB  font_copy_compressed               font.ms
     00001A10  font_load                          font.ms
     00001A58  font_copy_current                  font.ms
     00001AA0  font_set                           font.ms
     00001AAD  .put_char                          font.ms
     00001AC6  .out_char                          font.ms
     00001ACD  .del_char                          font.ms
     00001B28  _font_load                         font.ms
     00001B36  _font_set                          font.ms
     00001B45  _font_init                         font.ms
     00001B67  .cls                               font.ms
     00001B67  _cls                               font.ms
     00001B99  .cr_curs                           font.ms
     00001BAE  .adv_curs                          font.ms
     00001C0A  .tmode                             font.ms
     00001C33  .tmode_out                         font.ms
     00001C43  .padup                             
     00001C43  _waitpadup                         
     00001C53  .jpad                              
     00001C80  .wait_pad                          
     00001C87  _joypad                            
     00001C8C  _waitpad                           
     00001C96  _font_load_ibm_fixed               
     00001C9D  _font_ibm_fixed                    
     00001D9F  _font_ibm_fixed_tiles              
     0000259F  .gmode                             Drawing1
     00002601  .vbl                               Drawing1
     0000260C  .lcd                               Drawing1
     00002619  .draw_image                        Drawing1
     00002623  .switch_data                       Drawing1
     0000265A  _switch_data                       Drawing1
     00002675  _draw_image                        Drawing1
     00002688  .y_table                           Drawing1
     000027A8  .init_vram                         
     000027B6  .init_wtt                          
     000027C6  .init_btt                          
     000027D4  .init_tt                           
     000027DA  .copy_vram                         
     000027E9  _get_data                          
     000027E9  _set_data                          

ASxxxx Linker V03.00 + NoICE + sdld,  page 25.
Hexadecimal  [32-Bits]

Area                                    Addr        Size        Decimal Bytes (Attributes)
--------------------------------        ----        ----        ------- ----- ------------
_GSINIT                             000027FC    00000000 =           0. bytes (REL,CON)

      Value  Global                              Global Defined In Module
      -----  --------------------------------   ------------------------
     000027FC  gsinit                             Runtime

ASxxxx Linker V03.00 + NoICE + sdld,  page 26.
Hexadecimal  [32-Bits]

Area                                    Addr        Size        Decimal Bytes (Attributes)
--------------------------------        ----        ----        ------- ----- ------------
_GSINITTAIL                         000027FC    00000001 =           1. bytes (REL,CON)

      Value  Global                              Global Defined In Module
      -----  --------------------------------   ------------------------
ASxxxx Linker V03.00 + NoICE + sdld,  page 27.
Hexadecimal  [32-Bits]

Area                                    Addr        Size        Decimal Bytes (Attributes)
--------------------------------        ----        ----        ------- ----- ------------
_DATA                               0000C0A0    0000000B =          11. bytes (REL,CON)

      Value  Global                              Global Defined In Module
      -----  --------------------------------   ------------------------
     0000C0A0  _GAME_BOARD                        Title_screen
     0000C0A9  _GAME_CURSOR_X                     Title_screen
     0000C0AA  _GAME_CURSOR_Y                     Title_screen
ASxxxx Linker V03.00 + NoICE + sdld,  page 28.
Hexadecimal  [32-Bits]

Area                                    Addr        Size        Decimal Bytes (Attributes)
--------------------------------        ----        ----        ------- ----- ------------
_BSS                                0000C0AB    00000084 =         132. bytes (REL,CON)

      Value  Global                              Global Defined In Module
      -----  --------------------------------   ------------------------
     0000C0AB  __cpu                              Runtime
     0000C0AC  .mode                              Runtime
     0000C0AD  __io_out                           Runtime
     0000C0AE  __io_in                            Runtime
     0000C0AF  __io_status                        Runtime
     0000C0B0  .vbl_done                          Runtime
     0000C0B1  __current_bank                     Runtime
     0000C0B2  .sys_time                          Runtime
     0000C0B2  _sys_time                          Runtime
     0000C0B4  .int_0x40                          Runtime
     0000C0C4  .int_0x48                          Runtime
     0000C0D4  .int_0x50                          Runtime
     0000C0E4  .int_0x58                          Runtime
     0000C0F4  .int_0x60                          Runtime
     0000C104  font_current                       font.ms
     0000C107  font_first_free_tile               font.ms
     0000C108  font_table                         font.ms
     0000C11A  .curx                              font.ms
     0000C11B  .cury                              font.ms
     0000C11C  .fg_colour                         Drawing1
     0000C11D  .bg_colour                         Drawing1
ASxxxx Linker V03.00 + NoICE + sdld,  page 29.
Hexadecimal  [32-Bits]

Area                                    Addr        Size        Decimal Bytes (Attributes)
--------------------------------        ----        ----        ------- ----- ------------
_HEAP                               0000C12F    00000000 =           0. bytes (REL,CON)

      Value  Global                              Global Defined In Module
      -----  --------------------------------   ------------------------
     0000C12F  _malloc_heap_start                 Runtime

ASxxxx Linker V03.00 + NoICE + sdld,  page 30.

Files Linked                              [ module(s) ]

/home/nnevalti/Documents/TicTacToe/gbdk-n/bin/../lib/crt0.rel
                                          [ Runtime ]
Title_screen.rel                          [ Title_screen ]


Libraries Linked                          [ object file ]

/home/nnevalti/Documents/TicTacToe/gbdk-n/bin/../lib/gb.lib
                                          [ font.rel ]
/home/nnevalti/Documents/TicTacToe/gbdk-n/bin/../lib/gb.lib
                                          [ pad.rel ]
/home/nnevalti/Documents/TicTacToe/gbdk-n/bin/../lib/gb.lib
                                          [ ibmfixed.rel ]
/home/nnevalti/Documents/TicTacToe/gbdk-n/bin/../lib/gb.lib
                                          [ drawing.rel ]
/usr/bin/../share/sdcc/lib/gbz80/gbz80.lib
                                          [ vprintf.rel ]
/home/nnevalti/Documents/TicTacToe/gbdk-n/bin/../lib/gb.lib
                                          [ init_tt.rel ]
/home/nnevalti/Documents/TicTacToe/gbdk-n/bin/../lib/gb.lib
                                          [ cpy_data.rel ]
/usr/bin/../share/sdcc/lib/gbz80/gbz80.lib
                                          [ printf_large.rel ]
/usr/bin/../share/sdcc/lib/gbz80/gbz80.lib
                                          [ __sdcc_call_hl.rel ]
/usr/bin/../share/sdcc/lib/gbz80/gbz80.lib
                                          [ _strlen.rel ]

ASxxxx Linker V03.00 + NoICE + sdld,  page 31.

User Base Address Definitions

_CODE = 0x0200
_DATA = 0xc0a0

