ASxxxx Linker V03.00 + NoICE + sdld,  page 1.
Hexadecimal  [32-Bits]

Area                                    Addr        Size        Decimal Bytes (Attributes)
--------------------------------        ----        ----        ------- ----- ------------
.  .ABS.                            00000000    00000000 =           0. bytes (ABS,CON)

      Value  Global                              Global Defined In Module
      -----  --------------------------------   ------------------------
     00000000  .__.ABS.                           _strlen
     00000000  l__CABS                         
     00000000  l__DABS                         
     00000000  l__GSFINAL                      
     00000000  l__GSINIT                       
     00000000  l__HEADER                       
     00000000  l__HEAP                         
     00000000  l__LIT                          
     00000000  s__CABS                         
     00000000  s__DABS                         
     00000000  s__HEADER                       
     00000000  s__HEADER0                      
     00000000  s__HEADER1                      
     00000000  s__HEADER10                     
     00000000  s__HEADER11                     
     00000000  s__HEADER12                     
     00000000  s__HEADER2                      
     00000000  s__HEADER3                      
     00000000  s__HEADER4                      
     00000000  s__HEADER5                      
     00000000  s__HEADER6                      
     00000000  s__HEADER7                      
     00000000  s__HEADER8                      
     00000000  s__HEADER9                      
     00000000  s__HEADERa                      
     00000000  s__HEADERb                      
     00000000  s__HEADERc                      
     00000000  s__HEADERd                      
     00000000  s__HEADERe                      
     00000000  s__HEADERf                      
     00000001  l__GSINITTAIL                   
     00000001  l__HEADER12                     
     00000001  l__HEADERa                      
     00000001  l__HEADERb                      
     00000001  l__HEADERc                      
     00000001  l__HEADERe                      
     00000001  l__HEADERf                      
     00000002  l__HEADER10                     
     00000002  l__HEADERd                      
     00000003  l__HEADER9                      
     00000006  l__HEADER8                      
     00000007  l__HEADER0                      
     00000007  l__HEADER2                      
     00000007  l__HEADER3                      
     00000007  l__HEADER4                      
     00000007  l__HEADER5                      
     0000000B  l__DATA                         
     00000010  l__HEADER1                      
     0000001F  l__HEADER6                      
     00000034  l__HEADER7                      
ASxxxx Linker V03.00 + NoICE + sdld,  page 2.
Hexadecimal  [32-Bits]

Area                                    Addr        Size        Decimal Bytes (Attributes)
--------------------------------        ----        ----        ------- ----- ------------
.  .ABS.                            00000000    00000000 =           0. bytes (ABS,CON)

      Value  Global                              Global Defined In Module
      -----  --------------------------------   ------------------------
     00000084  l__BSS                          
     00000085  l__HEADER11                     
     000001AC  l__HOME                         
     00000200  s__CODE                         
     00000E77  l__BASE                         
     000018B6  l__CODE                         
     00001AB6  s__HOME                         
     00001C62  s__BASE                         
     00002AD9  s__GSINIT                       
     00002AD9  s__GSINITTAIL                   
     00002AD9  s__LIT                          
     00002ADA  s__GSFINAL                      
     0000C0A0  s__DATA                         
     0000C0AB  s__BSS                          
     0000C12F  s__HEAP                         

ASxxxx Linker V03.00 + NoICE + sdld,  page 3.
Hexadecimal  [32-Bits]

Area                                    Addr        Size        Decimal Bytes (Attributes)
--------------------------------        ----        ----        ------- ----- ------------
_CODE                               00000200    000018B6 =        6326. bytes (REL,CON)

      Value  Global                              Global Defined In Module
      -----  --------------------------------   ------------------------
     00000200  _clear_screen                      Title_screen
     00000226  _coord_2d_to_1d                    Title_screen
     00000232  _init                              Title_screen
     00000259  _draw_board                        Title_screen
     0000032E  _update                            Title_screen
     0000038B  _draw_cursor                       Title_screen
     00000450  _player_play                       Title_screen
     000004EC  _player2_play                      Title_screen
     00000588  _computer_play                     Title_screen
     0000064E  _game                              Title_screen
     00000663  _game2                             Title_screen
     00000678  _title_screen                      Title_screen
     000006C8  _mode_screen                       Title_screen
     00000714  _select_mode                       Title_screen
     00000828  _main                              Title_screen
     00000831  _putchar                           font.ms
     0000083A  _setchar                           font.ms
     00000843  _gotoxy                            font.ms
     0000084E  _posx                              font.ms
     0000085F  _posy                              font.ms
     00000870  .adv_gcurs                         Drawing1
     0000088D  .circle                            Drawing1
     00000930  .horlin                            Drawing1
     00000968  .verlin                            Drawing1
     000009C4  .circplot                          Drawing1
     00000A42  .box                               Drawing1
     00000B18  .line                              Drawing1
     00000C39  .xonly                             Drawing1
     00000D88  .yonly                             Drawing1
     00000DA9  .plot                              Drawing1
     00000DC6  .wrbyte                            Drawing1
     00000E48  .getpix                            Drawing1
     00000E7D  .wrtchr                            Drawing1
     00000EE1  _gotogxy                           Drawing1
     00000EEC  _wrtchr                            Drawing1
     00000F01  _getpix                            Drawing1
     00000F0D  _color                             Drawing1
     00000F1C  _circle                            Drawing1
     00000F36  _box                               Drawing1
     00000F5A  _line                              Drawing1
     00000F72  _plot_point                        Drawing1
     00000F86  _plot                              Drawing1
     00000FAC  _vprintf                           vprintf
     00000FC6  _printf                            vprintf
     000010C9  __print_format                     printf_large
     00001A93  ___sdcc_call_hl                    
     00001A94  _strlen                            _strlen

ASxxxx Linker V03.00 + NoICE + sdld,  page 4.
Hexadecimal  [32-Bits]

Area                                    Addr        Size        Decimal Bytes (Attributes)
--------------------------------        ----        ----        ------- ----- ------------
_HEADER0                            00000000    00000007 =           7. bytes (ABS,CON)

      Value  Global                              Global Defined In Module
      -----  --------------------------------   ------------------------
ASxxxx Linker V03.00 + NoICE + sdld,  page 5.
Hexadecimal  [32-Bits]

Area                                    Addr        Size        Decimal Bytes (Attributes)
--------------------------------        ----        ----        ------- ----- ------------
_HEADER1                            00000000    00000010 =          16. bytes (ABS,CON)

      Value  Global                              Global Defined In Module
      -----  --------------------------------   ------------------------
ASxxxx Linker V03.00 + NoICE + sdld,  page 6.
Hexadecimal  [32-Bits]

Area                                    Addr        Size        Decimal Bytes (Attributes)
--------------------------------        ----        ----        ------- ----- ------------
_HEADER2                            00000000    00000007 =           7. bytes (ABS,CON)

      Value  Global                              Global Defined In Module
      -----  --------------------------------   ------------------------
ASxxxx Linker V03.00 + NoICE + sdld,  page 7.
Hexadecimal  [32-Bits]

Area                                    Addr        Size        Decimal Bytes (Attributes)
--------------------------------        ----        ----        ------- ----- ------------
_HEADER3                            00000000    00000007 =           7. bytes (ABS,CON)

      Value  Global                              Global Defined In Module
      -----  --------------------------------   ------------------------
ASxxxx Linker V03.00 + NoICE + sdld,  page 8.
Hexadecimal  [32-Bits]

Area                                    Addr        Size        Decimal Bytes (Attributes)
--------------------------------        ----        ----        ------- ----- ------------
_HEADER4                            00000000    00000007 =           7. bytes (ABS,CON)

      Value  Global                              Global Defined In Module
      -----  --------------------------------   ------------------------
ASxxxx Linker V03.00 + NoICE + sdld,  page 9.
Hexadecimal  [32-Bits]

Area                                    Addr        Size        Decimal Bytes (Attributes)
--------------------------------        ----        ----        ------- ----- ------------
_HEADER5                            00000000    00000007 =           7. bytes (ABS,CON)

      Value  Global                              Global Defined In Module
      -----  --------------------------------   ------------------------
ASxxxx Linker V03.00 + NoICE + sdld,  page 10.
Hexadecimal  [32-Bits]

Area                                    Addr        Size        Decimal Bytes (Attributes)
--------------------------------        ----        ----        ------- ----- ------------
_HEADER6                            00000000    0000001F =          31. bytes (ABS,CON)

      Value  Global                              Global Defined In Module
      -----  --------------------------------   ------------------------
ASxxxx Linker V03.00 + NoICE + sdld,  page 11.
Hexadecimal  [32-Bits]

Area                                    Addr        Size        Decimal Bytes (Attributes)
--------------------------------        ----        ----        ------- ----- ------------
_HEADER7                            00000000    00000034 =          52. bytes (ABS,CON)

      Value  Global                              Global Defined In Module
      -----  --------------------------------   ------------------------
ASxxxx Linker V03.00 + NoICE + sdld,  page 12.
Hexadecimal  [32-Bits]

Area                                    Addr        Size        Decimal Bytes (Attributes)
--------------------------------        ----        ----        ------- ----- ------------
_HEADER8                            00000000    00000006 =           6. bytes (ABS,CON)

      Value  Global                              Global Defined In Module
      -----  --------------------------------   ------------------------
ASxxxx Linker V03.00 + NoICE + sdld,  page 13.
Hexadecimal  [32-Bits]

Area                                    Addr        Size        Decimal Bytes (Attributes)
--------------------------------        ----        ----        ------- ----- ------------
_HEADER9                            00000000    00000003 =           3. bytes (ABS,CON)

      Value  Global                              Global Defined In Module
      -----  --------------------------------   ------------------------
ASxxxx Linker V03.00 + NoICE + sdld,  page 14.
Hexadecimal  [32-Bits]

Area                                    Addr        Size        Decimal Bytes (Attributes)
--------------------------------        ----        ----        ------- ----- ------------
_HEADERa                            00000000    00000001 =           1. bytes (ABS,CON)

      Value  Global                              Global Defined In Module
      -----  --------------------------------   ------------------------
ASxxxx Linker V03.00 + NoICE + sdld,  page 15.
Hexadecimal  [32-Bits]

Area                                    Addr        Size        Decimal Bytes (Attributes)
--------------------------------        ----        ----        ------- ----- ------------
_HEADERb                            00000000    00000001 =           1. bytes (ABS,CON)

      Value  Global                              Global Defined In Module
      -----  --------------------------------   ------------------------
ASxxxx Linker V03.00 + NoICE + sdld,  page 16.
Hexadecimal  [32-Bits]

Area                                    Addr        Size        Decimal Bytes (Attributes)
--------------------------------        ----        ----        ------- ----- ------------
_HEADERc                            00000000    00000001 =           1. bytes (ABS,CON)

      Value  Global                              Global Defined In Module
      -----  --------------------------------   ------------------------
ASxxxx Linker V03.00 + NoICE + sdld,  page 17.
Hexadecimal  [32-Bits]

Area                                    Addr        Size        Decimal Bytes (Attributes)
--------------------------------        ----        ----        ------- ----- ------------
_HEADERd                            00000000    00000002 =           2. bytes (ABS,CON)

      Value  Global                              Global Defined In Module
      -----  --------------------------------   ------------------------
ASxxxx Linker V03.00 + NoICE + sdld,  page 18.
Hexadecimal  [32-Bits]

Area                                    Addr        Size        Decimal Bytes (Attributes)
--------------------------------        ----        ----        ------- ----- ------------
_HEADERe                            00000000    00000001 =           1. bytes (ABS,CON)

      Value  Global                              Global Defined In Module
      -----  --------------------------------   ------------------------
ASxxxx Linker V03.00 + NoICE + sdld,  page 19.
Hexadecimal  [32-Bits]

Area                                    Addr        Size        Decimal Bytes (Attributes)
--------------------------------        ----        ----        ------- ----- ------------
_HEADERf                            00000000    00000001 =           1. bytes (ABS,CON)

      Value  Global                              Global Defined In Module
      -----  --------------------------------   ------------------------
ASxxxx Linker V03.00 + NoICE + sdld,  page 20.
Hexadecimal  [32-Bits]

Area                                    Addr        Size        Decimal Bytes (Attributes)
--------------------------------        ----        ----        ------- ----- ------------
_HEADER10                           00000000    00000002 =           2. bytes (ABS,CON)

      Value  Global                              Global Defined In Module
      -----  --------------------------------   ------------------------
ASxxxx Linker V03.00 + NoICE + sdld,  page 21.
Hexadecimal  [32-Bits]

Area                                    Addr        Size        Decimal Bytes (Attributes)
--------------------------------        ----        ----        ------- ----- ------------
_HEADER11                           00000000    00000085 =         133. bytes (ABS,CON)

      Value  Global                              Global Defined In Module
      -----  --------------------------------   ------------------------
     000001D2  _exit                              Runtime

ASxxxx Linker V03.00 + NoICE + sdld,  page 22.
Hexadecimal  [32-Bits]

Area                                    Addr        Size        Decimal Bytes (Attributes)
--------------------------------        ----        ----        ------- ----- ------------
_HEADER12                           00000000    00000001 =           1. bytes (ABS,CON)

      Value  Global                              Global Defined In Module
      -----  --------------------------------   ------------------------
ASxxxx Linker V03.00 + NoICE + sdld,  page 23.
Hexadecimal  [32-Bits]

Area                                    Addr        Size        Decimal Bytes (Attributes)
--------------------------------        ----        ----        ------- ----- ------------
_HOME                               00001AB6    000001AC =         428. bytes (REL,CON)

      Value  Global                              Global Defined In Module
      -----  --------------------------------   ------------------------
     00001AB6  .set_mode                          Runtime
     00001AC6  .remove_VBL                        Runtime
     00001ACC  .remove_LCD                        Runtime
     00001AD2  .remove_TIM                        Runtime
     00001AD8  .remove_SIO                        Runtime
     00001ADE  .remove_JOY                        Runtime
     00001AE4  .add_VBL                           Runtime
     00001AEA  .add_LCD                           Runtime
     00001AF0  .add_TIM                           Runtime
     00001AF6  .add_SIO                           Runtime
     00001AFC  .add_JOY                           Runtime
     00001B02  .remove_int                        Runtime
     00001B22  .add_int                           Runtime
     00001B3E  .wait_vbl_done                     Runtime
     00001B3E  _wait_vbl_done                     Runtime
     00001B55  .display_off                       Runtime
     00001B55  _display_off                       Runtime
     00001B76  .serial_IO                         Runtime
     00001BA5  _mode                              Runtime
     00001BAE  _get_mode                          Runtime
     00001BB3  _enable_interrupts                 Runtime
     00001BB5  _disable_interrupts                Runtime
     00001BB7  .reset                             Runtime
     00001BB7  _reset                             Runtime
     00001BBD  _set_interrupts                    Runtime
     00001BC8  _remove_VBL                        Runtime
     00001BD3  _remove_LCD                        Runtime
     00001BDE  _remove_TIM                        Runtime
     00001BE9  _remove_SIO                        Runtime
     00001BF4  _remove_JOY                        Runtime
     00001BFF  _add_VBL                           Runtime
     00001C0A  _add_LCD                           Runtime
     00001C15  _add_TIM                           Runtime
     00001C20  _add_SIO                           Runtime
     00001C2B  _add_JOY                           Runtime
     00001C36  _clock                             Runtime
     00001C3F  __printTStates                     Runtime
     00001C40  banked_call                        Runtime
     00001C59  banked_ret                         Runtime
ASxxxx Linker V03.00 + NoICE + sdld,  page 24.
Hexadecimal  [32-Bits]

Area                                    Addr        Size        Decimal Bytes (Attributes)
--------------------------------        ----        ----        ------- ----- ------------
_BASE                               00001C62    00000E77 =        3703. bytes (REL,CON)

      Value  Global                              Global Defined In Module
      -----  --------------------------------   ------------------------
     00001C62  font_copy_uncompressed             font.ms
     00001C98  font_copy_compressed               font.ms
     00001CED  font_load                          font.ms
     00001D35  font_copy_current                  font.ms
     00001D7D  font_set                           font.ms
     00001D8A  .put_char                          font.ms
     00001DA3  .out_char                          font.ms
     00001DAA  .del_char                          font.ms
     00001E05  _font_load                         font.ms
     00001E13  _font_set                          font.ms
     00001E22  _font_init                         font.ms
     00001E44  .cls                               font.ms
     00001E44  _cls                               font.ms
     00001E76  .cr_curs                           font.ms
     00001E8B  .adv_curs                          font.ms
     00001EE7  .tmode                             font.ms
     00001F10  .tmode_out                         font.ms
     00001F20  .padup                             
     00001F20  _waitpadup                         
     00001F30  .jpad                              
     00001F5D  .wait_pad                          
     00001F64  _joypad                            
     00001F69  _waitpad                           
     00001F73  _font_load_ibm_fixed               
     00001F7A  _font_ibm_fixed                    
     0000207C  _font_ibm_fixed_tiles              
     0000287C  .gmode                             Drawing1
     000028DE  .vbl                               Drawing1
     000028E9  .lcd                               Drawing1
     000028F6  .draw_image                        Drawing1
     00002900  .switch_data                       Drawing1
     00002937  _switch_data                       Drawing1
     00002952  _draw_image                        Drawing1
     00002965  .y_table                           Drawing1
     00002A85  .init_vram                         
     00002A93  .init_wtt                          
     00002AA3  .init_btt                          
     00002AB1  .init_tt                           
     00002AB7  .copy_vram                         
     00002AC6  _get_data                          
     00002AC6  _set_data                          

ASxxxx Linker V03.00 + NoICE + sdld,  page 25.
Hexadecimal  [32-Bits]

Area                                    Addr        Size        Decimal Bytes (Attributes)
--------------------------------        ----        ----        ------- ----- ------------
_GSINIT                             00002AD9    00000000 =           0. bytes (REL,CON)

      Value  Global                              Global Defined In Module
      -----  --------------------------------   ------------------------
     00002AD9  gsinit                             Runtime

ASxxxx Linker V03.00 + NoICE + sdld,  page 26.
Hexadecimal  [32-Bits]

Area                                    Addr        Size        Decimal Bytes (Attributes)
--------------------------------        ----        ----        ------- ----- ------------
_GSINITTAIL                         00002AD9    00000001 =           1. bytes (REL,CON)

      Value  Global                              Global Defined In Module
      -----  --------------------------------   ------------------------
ASxxxx Linker V03.00 + NoICE + sdld,  page 27.
Hexadecimal  [32-Bits]

Area                                    Addr        Size        Decimal Bytes (Attributes)
--------------------------------        ----        ----        ------- ----- ------------
_DATA                               0000C0A0    0000000B =          11. bytes (REL,CON)

      Value  Global                              Global Defined In Module
      -----  --------------------------------   ------------------------
     0000C0A0  _GAME_BOARD                        Title_screen
     0000C0A9  _GAME_CURSOR_X                     Title_screen
     0000C0AA  _GAME_CURSOR_Y                     Title_screen
ASxxxx Linker V03.00 + NoICE + sdld,  page 28.
Hexadecimal  [32-Bits]

Area                                    Addr        Size        Decimal Bytes (Attributes)
--------------------------------        ----        ----        ------- ----- ------------
_BSS                                0000C0AB    00000084 =         132. bytes (REL,CON)

      Value  Global                              Global Defined In Module
      -----  --------------------------------   ------------------------
     0000C0AB  __cpu                              Runtime
     0000C0AC  .mode                              Runtime
     0000C0AD  __io_out                           Runtime
     0000C0AE  __io_in                            Runtime
     0000C0AF  __io_status                        Runtime
     0000C0B0  .vbl_done                          Runtime
     0000C0B1  __current_bank                     Runtime
     0000C0B2  .sys_time                          Runtime
     0000C0B2  _sys_time                          Runtime
     0000C0B4  .int_0x40                          Runtime
     0000C0C4  .int_0x48                          Runtime
     0000C0D4  .int_0x50                          Runtime
     0000C0E4  .int_0x58                          Runtime
     0000C0F4  .int_0x60                          Runtime
     0000C104  font_current                       font.ms
     0000C107  font_first_free_tile               font.ms
     0000C108  font_table                         font.ms
     0000C11A  .curx                              font.ms
     0000C11B  .cury                              font.ms
     0000C11C  .fg_colour                         Drawing1
     0000C11D  .bg_colour                         Drawing1
ASxxxx Linker V03.00 + NoICE + sdld,  page 29.
Hexadecimal  [32-Bits]

Area                                    Addr        Size        Decimal Bytes (Attributes)
--------------------------------        ----        ----        ------- ----- ------------
_HEAP                               0000C12F    00000000 =           0. bytes (REL,CON)

      Value  Global                              Global Defined In Module
      -----  --------------------------------   ------------------------
     0000C12F  _malloc_heap_start                 Runtime

ASxxxx Linker V03.00 + NoICE + sdld,  page 30.

Files Linked                              [ module(s) ]

/home/nnevalti/Documents/TicTacToe/gbdk-n/bin/../lib/crt0.rel
                                          [ Runtime ]
Title_screen.rel                          [ Title_screen ]


Libraries Linked                          [ object file ]

/home/nnevalti/Documents/TicTacToe/gbdk-n/bin/../lib/gb.lib
                                          [ font.rel ]
/home/nnevalti/Documents/TicTacToe/gbdk-n/bin/../lib/gb.lib
                                          [ pad.rel ]
/home/nnevalti/Documents/TicTacToe/gbdk-n/bin/../lib/gb.lib
                                          [ ibmfixed.rel ]
/home/nnevalti/Documents/TicTacToe/gbdk-n/bin/../lib/gb.lib
                                          [ drawing.rel ]
/usr/bin/../share/sdcc/lib/gbz80/gbz80.lib
                                          [ vprintf.rel ]
/home/nnevalti/Documents/TicTacToe/gbdk-n/bin/../lib/gb.lib
                                          [ init_tt.rel ]
/home/nnevalti/Documents/TicTacToe/gbdk-n/bin/../lib/gb.lib
                                          [ cpy_data.rel ]
/usr/bin/../share/sdcc/lib/gbz80/gbz80.lib
                                          [ printf_large.rel ]
/usr/bin/../share/sdcc/lib/gbz80/gbz80.lib
                                          [ __sdcc_call_hl.rel ]
/usr/bin/../share/sdcc/lib/gbz80/gbz80.lib
                                          [ _strlen.rel ]

ASxxxx Linker V03.00 + NoICE + sdld,  page 31.

User Base Address Definitions

_CODE = 0x0200
_DATA = 0xc0a0

